// Jest Snapshot v1, https://goo.gl/fbAQLP

exports[`Shop User Should able to add user by shop owner 1`] = `
Object {
  "createdAt": Any<String>,
  "deleted": false,
  "id": Any<Number>,
  "role": "ShopStaff",
  "updatedAt": Any<String>,
  "user": Object {
    "createdAt": Any<String>,
    "deleted": false,
    "id": Any<Number>,
    "name": "John Doe Clone",
    "updatedAt": Any<String>,
  },
}
`;
