// Jest Snapshot v1, https://goo.gl/fbAQLP

exports[`Shop Should assign person who register as owner 1`] = `
Object {
  "createdAt": Any<String>,
  "deleted": false,
  "id": Any<Number>,
  "role": "ShopOwner",
  "updatedAt": Any<String>,
  "user": Object {
    "createdAt": Any<String>,
    "deleted": false,
    "email": "john.doe@gmail.com",
    "id": Any<Number>,
    "name": "John Doe",
    "role": "User",
    "updatedAt": Any<String>,
  },
}
`;
